#
# There is insufficient memory for the Java Runtime Environment to continue.
# Native memory allocation (mmap) failed to map 134217728 bytes. Error detail: G1 virtual space
# Possible reasons:
#   The system is out of physical RAM or swap space
#   This process is running with CompressedOops enabled, and the Java Heap may be blocking the growth of the native heap
# Possible solutions:
#   Reduce memory load on the system
#   Increase physical memory or swap space
#   Check if swap backing store is full
#   Decrease Java heap size (-Xmx/-Xms)
#   Decrease number of Java threads
#   Decrease Java thread stack sizes (-Xss)
#   Set larger code cache with -XX:ReservedCodeCacheSize=
#   JVM is running with Unscaled Compressed Oops mode in which the Java heap is
#     placed in the first 4GB address space. The Java Heap base address is the
#     maximum limit for the native heap growth. Please use -XX:HeapBaseMinAddress
#     to set the Java Heap base and to place the Java Heap above 4GB virtual address.
# This output file may be truncated or incomplete.
#
#  Out of Memory Error (os_windows.cpp:3925), pid=13408, tid=8476
#
# JRE version:  (21.0.9+1) (build )
# Java VM: OpenJDK 64-Bit Server VM (21.0.9+1-b1038.76, mixed mode, sharing, tiered, compressed oops, compressed class ptrs, g1 gc, windows-amd64)
# No core dump will be written. Minidumps are not enabled by default on client versions of Windows
#

---------------  S U M M A R Y ------------

Command Line: -Djava.rmi.server.hostname=127.0.0.1 -Duser.timezone=UTC -Xmx2048m -Xms128m -Djdbc.classpath=C:\Users\Administrator\AppData\Local\Temp\RemoteDriver.classpath.txt --add-exports=java.desktop/sun.awt=ALL-UNNAMED --add-exports=java.desktop/java.awt.peer=ALL-UNNAMED --add-opens=java.desktop/java.awt=ALL-UNNAMED --add-opens=jdk.unsupported/sun.misc=ALL-UNNAMED --add-opens=java.base/java.nio=ALL-UNNAMED --add-opens=java.base/java.util=ALL-UNNAMED -Dfile.encoding=UTF-8 -Dsun.stdout.encoding=UTF-8 -Dsun.stderr.encoding=UTF-8 com.intellij.database.remote.RemoteJdbcServer com.mysql.cj.jdbc.Driver

Host: Intel(R) Core(TM) i7-5600U CPU @ 2.60GHz, 4 cores, 7G,  Windows 10 , 64 bit Build 17763 (10.0.17763.4720)
Time: Thu May 28 12:10:41 2026 SE Asia Standard Time elapsed time: 0.034040 seconds (0d 0h 0m 0s)

---------------  T H R E A D  ---------------

Current thread (0x000001c1e4ee28c0):  JavaThread "Unknown thread" [_thread_in_vm, id=8476, stack(0x00000061bad00000,0x00000061bae00000) (1024K)]

Stack: [0x00000061bad00000,0x00000061bae00000]
Native frames: (J=compiled Java code, j=interpreted, Vv=VM code, C=native code)
V  [jvm.dll+0x6ec259]
V  [jvm.dll+0x8cc383]
V  [jvm.dll+0x8ce99e]
V  [jvm.dll+0x8cf083]
V  [jvm.dll+0x28b006]
V  [jvm.dll+0x6e8a35]
V  [jvm.dll+0x6dc0ca]
V  [jvm.dll+0x366a7b]
V  [jvm.dll+0x36e666]
V  [jvm.dll+0x3c0bd6]
V  [jvm.dll+0x3c0ea8]
V  [jvm.dll+0x33922c]
V  [jvm.dll+0x339f1b]
V  [jvm.dll+0x893a49]
V  [jvm.dll+0x3cdda8]
V  [jvm.dll+0x87c988]
V  [jvm.dll+0x462a4e]
V  [jvm.dll+0x464731]
C  [jli.dll+0x52ab]
C  [ucrtbase.dll+0x2268a]
C  [KERNEL32.DLL+0x17ac4]
C  [ntdll.dll+0x5a351]


---------------  P R O C E S S  ---------------

Threads class SMR info:
_java_thread_list=0x00007ff96c0252c8, length=0, elements={
}

Java Threads: ( => current thread )
Total: 0

Other Threads:
  0x000001c1e70da340 WorkerThread "GC Thread#0"                     [id=9860, stack(0x00000061bae00000,0x00000061baf00000) (1024K)]
  0x000001c1e70eb230 ConcurrentGCThread "G1 Main Marker"            [id=11608, stack(0x00000061baf00000,0x00000061bb000000) (1024K)]
  0x000001c1e70ebc40 WorkerThread "G1 Conc#0"                       [id=12992, stack(0x00000061bb000000,0x00000061bb100000) (1024K)]

[error occurred during error reporting (printing all threads), id 0xc0000005, EXCEPTION_ACCESS_VIOLATION (0xc0000005) at pc=0x00007ff96b70c287]
VM state: not at safepoint (not fully initialized)

VM Mutex/Monitor currently owned by a thread:  ([mutex/lock_event])
[0x00007ff96c099e30] Heap_lock - owner thread: 0x000001c1e4ee28c0

Heap address: 0x0000000080000000, size: 2048 MB, Compressed Oops mode: 32-bit

CDS archive(s) mapped at: [0x0000000000000000-0x0000000000000000-0x0000000000000000), size 0, SharedBaseAddress: 0x0000000800000000, ArchiveRelocationMode: 1.
Narrow klass base: 0x0000000000000000, Narrow klass shift: 0, Narrow klass range: 0x0

GC Precious Log:
 CardTable entry size: 512
 Card Set container configuration: InlinePtr #cards 5 size 8 Array Of Cards #cards 12 size 40 Howl #buckets 4 coarsen threshold 1843 Howl Bitmap #cards 512 size 80 coarsen threshold 460 Card regions per heap region 1 cards per card region 2048

Heap:
 garbage-first heap   total 0K, used 0K [0x0000000080000000, 0x0000000100000000)
  region size 1024K, 0 young (0K), 0 survivors (0K)
 Metaspace       used 0K, committed 0K, reserved 0K
  class space    used 0K, committed 0K, reserved 0K

Heap Regions: E=young(eden), S=young(survivor), O=old, HS=humongous(starts), HC=humongous(continues), CS=collection set, F=free, TAMS=top-at-mark-start, PB=parsable bottom

Card table byte_map: [0x000001c1fa4d0000,0x000001c1fa8d0000] _byte_map_base: 0x000001c1fa0d0000

Marking Bits: (CMBitMap*) 0x000001c1e70da950
 Bits: [0x000001c1fa8d0000, 0x000001c1fc8d0000)

GC Heap History (0 events):
No events

Dll operation events (1 events):
Event: 0.018 Loaded shared library C:\Program Files\JetBrains\IntelliJ IDEA 2025.2.4\jbr\bin\java.dll

Deoptimization events (0 events):
No events

Classes loaded (0 events):
No events

Classes unloaded (0 events):
No events

Classes redefined (0 events):
No events

Internal exceptions (0 events):
No events

ZGC Phase Switch (0 events):
No events

VM Operations (0 events):
No events

Memory protections (0 events):
No events

Nmethod flushes (0 events):
No events

Events (0 events):
No events


Dynamic libraries:
0x00007ff6f24b0000 - 0x00007ff6f24ba000 	C:\Program Files\JetBrains\IntelliJ IDEA 2025.2.4\jbr\bin\java.exe
0x00007ff9da4a0000 - 0x00007ff9da68f000 	C:\Windows\SYSTEM32\ntdll.dll
0x00007ff9d94c0000 - 0x00007ff9d9573000 	C:\Windows\System32\KERNEL32.DLL
0x00007ff9d7430000 - 0x00007ff9d76cd000 	C:\Windows\System32\KERNELBASE.dll
0x00007ff9d6ed0000 - 0x00007ff9d6fca000 	C:\Windows\System32\ucrtbase.dll
0x00007ff986fc0000 - 0x00007ff986fd8000 	C:\Program Files\JetBrains\IntelliJ IDEA 2025.2.4\jbr\bin\jli.dll
0x00007ff9da050000 - 0x00007ff9da1e8000 	C:\Windows\System32\USER32.dll
0x00007ff9d7330000 - 0x00007ff9d7350000 	C:\Windows\System32\win32u.dll
0x00007ff9d96e0000 - 0x00007ff9d9709000 	C:\Windows\System32\GDI32.dll
0x00007ff9d70d0000 - 0x00007ff9d7276000 	C:\Windows\System32\gdi32full.dll
0x00007ff9d7030000 - 0x00007ff9d70d0000 	C:\Windows\System32\msvcp_win.dll
0x00007ff9c48a0000 - 0x00007ff9c4b19000 	C:\Windows\WinSxS\amd64_microsoft.windows.common-controls_6595b64144ccf1df_6.0.17763.4737_none_de704896534c368b\COMCTL32.dll
0x00007ff9d76d0000 - 0x00007ff9d776e000 	C:\Windows\System32\msvcrt.dll
0x00007ff9d7820000 - 0x00007ff9d7b4b000 	C:\Windows\System32\combase.dll
0x00007ff9d9e00000 - 0x00007ff9d9f1e000 	C:\Windows\System32\RPCRT4.dll
0x00007ff9d72a0000 - 0x00007ff9d7322000 	C:\Windows\System32\bcryptPrimitives.dll
0x00007ff9bec90000 - 0x00007ff9becab000 	C:\Program Files\JetBrains\IntelliJ IDEA 2025.2.4\jbr\bin\VCRUNTIME140.dll
0x00007ff9d9490000 - 0x00007ff9d94be000 	C:\Windows\System32\IMM32.DLL
0x00007ff9c85c0000 - 0x00007ff9c85cc000 	C:\Program Files\JetBrains\IntelliJ IDEA 2025.2.4\jbr\bin\vcruntime140_1.dll
0x00007ff97c6f0000 - 0x00007ff97c77d000 	C:\Program Files\JetBrains\IntelliJ IDEA 2025.2.4\jbr\bin\msvcp140.dll
0x00007ff96b3c0000 - 0x00007ff96c18d000 	C:\Program Files\JetBrains\IntelliJ IDEA 2025.2.4\jbr\bin\server\jvm.dll
0x00007ff9d9370000 - 0x00007ff9d9417000 	C:\Windows\System32\ADVAPI32.dll
0x00007ff9d7770000 - 0x00007ff9d780f000 	C:\Windows\System32\sechost.dll
0x00007ff9d6480000 - 0x00007ff9d64dd000 	C:\Windows\System32\POWRPROF.dll
0x00007ff9da3a0000 - 0x00007ff9da40d000 	C:\Windows\System32\WS2_32.dll
0x00007ff9d29c0000 - 0x00007ff9d29e4000 	C:\Windows\SYSTEM32\WINMM.dll
0x00007ff9c4030000 - 0x00007ff9c403a000 	C:\Windows\SYSTEM32\VERSION.dll
0x00007ff9d27c0000 - 0x00007ff9d27ed000 	C:\Windows\SYSTEM32\WINMMBASE.dll
0x00007ff9d6520000 - 0x00007ff9d656a000 	C:\Windows\System32\cfgmgr32.dll
0x00007ff9d6500000 - 0x00007ff9d6511000 	C:\Windows\System32\kernel.appcore.dll
0x00007ff9c3760000 - 0x00007ff9c376a000 	C:\Program Files\JetBrains\IntelliJ IDEA 2025.2.4\jbr\bin\jimage.dll
0x00007ff9d4e00000 - 0x00007ff9d4fed000 	C:\Windows\SYSTEM32\DBGHELP.DLL
0x00007ff9c3bf0000 - 0x00007ff9c3c1a000 	C:\Windows\SYSTEM32\dbgcore.DLL
0x00007ff9bcf40000 - 0x00007ff9bcf60000 	C:\Program Files\JetBrains\IntelliJ IDEA 2025.2.4\jbr\bin\java.dll

JVMTI agents: none

dbghelp: loaded successfully - version: 4.0.5 - missing functions: none
symbol engine: initialized successfully - sym options: 0x614 - pdb path: .;C:\Program Files\JetBrains\IntelliJ IDEA 2025.2.4\jbr\bin;C:\Windows\SYSTEM32;C:\Windows\WinSxS\amd64_microsoft.windows.common-controls_6595b64144ccf1df_6.0.17763.4737_none_de704896534c368b;C:\Program Files\JetBrains\IntelliJ IDEA 2025.2.4\jbr\bin\server

VM Arguments:
jvm_args: -Djava.rmi.server.hostname=127.0.0.1 -Duser.timezone=UTC -Xmx2048m -Xms128m -Djdbc.classpath=C:\Users\Administrator\AppData\Local\Temp\RemoteDriver.classpath.txt --add-exports=java.desktop/sun.awt=ALL-UNNAMED --add-exports=java.desktop/java.awt.peer=ALL-UNNAMED --add-opens=java.desktop/java.awt=ALL-UNNAMED --add-opens=jdk.unsupported/sun.misc=ALL-UNNAMED --add-opens=java.base/java.nio=ALL-UNNAMED --add-opens=java.base/java.util=ALL-UNNAMED -Dfile.encoding=UTF-8 -Dsun.stdout.encoding=UTF-8 -Dsun.stderr.encoding=UTF-8 
java_command: com.intellij.database.remote.RemoteJdbcServer com.mysql.cj.jdbc.Driver
java_class_path (initial): C:\Program Files\JetBrains\IntelliJ IDEA 2025.2.4\lib\util_rt.jar;C:\Program Files\JetBrains\IntelliJ IDEA 2025.2.4\lib\util-8.jar;C:\Program Files\JetBrains\IntelliJ IDEA 2025.2.4\lib\groovy.jar;C:\Program Files\JetBrains\IntelliJ IDEA 2025.2.4\plugins\DatabaseTools\lib\jdbc-console.jar;C:\Program Files\JetBrains\IntelliJ IDEA 2025.2.4\lib\modules\intellij.grid.types.jar;C:\Program Files\JetBrains\IntelliJ IDEA 2025.2.4\lib\util.jar;C:\Program Files\JetBrains\IntelliJ IDEA 2025.2.4\lib\bouncy-castle.jar
Launcher Type: SUN_STANDARD

[Global flags]
     intx CICompilerCount                          = 3                                         {product} {ergonomic}
     uint ConcGCThreads                            = 1                                         {product} {ergonomic}
     uint G1ConcRefinementThreads                  = 4                                         {product} {ergonomic}
   size_t G1HeapRegionSize                         = 1048576                                   {product} {ergonomic}
    uintx GCDrainStackTargetSize                   = 64                                        {product} {ergonomic}
   size_t InitialHeapSize                          = 134217728                                 {product} {command line}
   size_t MarkStackSize                            = 4194304                                   {product} {ergonomic}
   size_t MaxHeapSize                              = 2147483648                                {product} {command line}
   size_t MinHeapDeltaBytes                        = 1048576                                   {product} {ergonomic}
   size_t MinHeapSize                              = 134217728                                 {product} {command line}
    uintx NonNMethodCodeHeapSize                   = 5832780                                {pd product} {ergonomic}
    uintx NonProfiledCodeHeapSize                  = 122912730                              {pd product} {ergonomic}
    uintx ProfiledCodeHeapSize                     = 122912730                              {pd product} {ergonomic}
    uintx ReservedCodeCacheSize                    = 251658240                              {pd product} {ergonomic}
     bool SegmentedCodeCache                       = true                                      {product} {ergonomic}
   size_t SoftMaxHeapSize                          = 2147483648                             {manageable} {ergonomic}
     bool UseCompressedOops                        = true                           {product lp64_product} {ergonomic}
     bool UseG1GC                                  = true                                      {product} {ergonomic}
     bool UseLargePagesIndividualAllocation        = false                                  {pd product} {ergonomic}

Logging:
Log output configuration:
 #0: stdout all=warning uptime,level,tags foldmultilines=false
 #1: stderr all=off uptime,level,tags foldmultilines=false

Release file:
<release file has not been read>
Environment Variables:
PATH=C:\Users\Administrator\Downloads\gradle-9.4.1-bin\gradle-9.4.1\bin;C:\Users\Administrator\AppData\Local\Programs\Python\Python311\Scripts;C:\Program Files\Microsoft MPI\Bin\;C:\Program Files (x86)\VMware\VMware Workstation\bin\;C:\Program Files\Common Files\Oracle\Java\javapath;C:\Windows\system32;C:\Windows;C:\Windows\System32\Wbem;C:\Windows\System32\WindowsPowerShell\v1.0\;C:\Windows\System32\OpenSSH\;C:\FPC\3.2.2\bin\i386-Win32;C:\Program Files\Cloudflare\Cloudflare WARP\;C:\Program Files (x86)\Microsoft SQL Server\160\Tools\Binn\;C:\Program Files\Microsoft SQL Server\160\Tools\Binn\;C:\Program Files\Microsoft SQL Server\Client SDK\ODBC\170\Tools\Binn\;C:\Program Files\Microsoft SQL Server\160\DTS\Binn\;C:\Program Files (x86)\Microsoft SQL Server\160\DTS\Binn\;C:\Program Files\Git\cmd;C:\Program Files\Microsoft VS Code\bin;C:\Users\Administrator\AppData\Local\Microsoft\WindowsApps;C:\Users\Administrator\Downloads\Microsoft VS Code\bin;C:\Program Files\JetBrains\WebStorm 2025.3\bin
USERNAME=Administrator
OS=Windows_NT
PROCESSOR_IDENTIFIER=Intel64 Family 6 Model 61 Stepping 4, GenuineIntel
TMP=C:\Users\ADMINI~1\AppData\Local\Temp
TEMP=C:\Users\ADMINI~1\AppData\Local\Temp




Periodic native trim disabled

JNI global refs:
JNI global refs: 0, weak refs: 0

JNI global refs memory usage: 0, weak refs: 0

Process memory usage:
Resident Set Size: 10436K (0% of 8257884K total physical memory with 3160544K free physical memory)

OOME stack traces (most recent first):
Classloader memory used:

---------------  S Y S T E M  ---------------

OS:
 Windows 10 , 64 bit Build 17763 (10.0.17763.4720)
OS uptime: 3 days 1:44 hours

CPU: total 4 (initial active 4) (2 cores per cpu, 2 threads per core) family 6 model 61 stepping 4 microcode 0x2f, cx8, cmov, fxsr, ht, mmx, 3dnowpref, sse, sse2, sse3, ssse3, sse4.1, sse4.2, popcnt, lzcnt, tsc, tscinvbit, avx, avx2, aes, erms, clmul, bmi1, bmi2, rtm, adx, fma, vzeroupper, clflush, rdtscp, f16c
Processor Information for the first 4 processors :
  Max Mhz: 2594, Current Mhz: 2594, Mhz Limit: 2594

Memory: 4k page, system-wide physical 8064M (3086M free)
TotalPageFile size 16256M (AvailPageFile size 79M)
current process WorkingSet (physical memory assigned to process): 10M, peak: 10M
current process commit charge ("private bytes"): 52M, peak: 179M

vm_info: OpenJDK 64-Bit Server VM (21.0.9+1-b1038.76) for windows-amd64 JRE (21.0.9+1-b1038.76), built on 2025-11-17 by "builduser" with MS VC++ 16.10 / 16.11 (VS2019)

END.
